<?xml version="1.0" encoding="utf-8" ?>
<result>
	<row>
		<label>Others</label>
		<nb_visits>10</nb_visits>
		<nb_hits>10</nb_hits>
		<sum_time_spent>0</sum_time_spent>
		<entry_nb_visits>10</entry_nb_visits>
		<entry_nb_actions>10</entry_nb_actions>
		<entry_sum_visit_length>0</entry_sum_visit_length>
		<entry_bounce_count>10</entry_bounce_count>
		<exit_nb_visits>10</exit_nb_visits>
	</row>
</result>