<?xml version="1.0" encoding="utf-8" ?>
<result>
	<row>
		<label>Others</label>
		<nb_visits>21</nb_visits>
		<nb_hits>21</nb_hits>
		<sum_time_spent>0</sum_time_spent>
		<entry_nb_visits>21</entry_nb_visits>
		<entry_nb_actions>21</entry_nb_actions>
		<entry_sum_visit_length>0</entry_sum_visit_length>
		<entry_bounce_count>21</entry_bounce_count>
		<exit_nb_visits>21</exit_nb_visits>
		<avg_time_on_page>0</avg_time_on_page>
		<bounce_rate>100%</bounce_rate>
		<exit_rate>100%</exit_rate>
	</row>
</result>